https://www.youtube.com/watch?v=5DnJbnMhXNM
https://www.youtube.com/watch?v=Kzlb526z-Jg
https://www.youtube.com/watch?v=7gb_KNHueyk
https://www.youtube.com/watch?v=OZ6OnKKfNiY
https://www.youtube.com/watch?v=q5Ve-XXowSs
https://www.youtube.com/watch?v=QnOB1I5nAa8
https://www.youtube.com/watch?v=AY8I2QEWYwI
https://www.youtube.com/watch?v=imzMWWhjjE4
https://www.youtube.com/watch?v=hBHpYg5yy8o
https://www.youtube.com/watch?v=z3U9nQeTvi4
https://www.youtube.com/watch?v=n_CTK6A6bk8
https://www.youtube.com/watch?v=amSFRcnIhzw
https://www.youtube.com/watch?v=9rYeRy6HFIk
https://www.youtube.com/watch?v=vV1NyajB0KU
https://www.youtube.com/watch?v=kZGpcz3eoL8
https://www.youtube.com/watch?v=YgRTwSmmBC0
https://www.youtube.com/watch?v=K7uVrIbq9AY
https://www.youtube.com/watch?v=8I6uqfkNaOY
https://www.youtube.com/watch?v=vV1NyajB0KU
https://www.youtube.com/watch?v=N76198i_VBY
https://www.youtube.com/watch?v=Hap3EcmKJZk
https://www.youtube.com/watch?v=xJM_XewhOWk
https://www.youtube.com/watch?v=U6krwuyr9ZQ
https://www.youtube.com/watch?v=ijRuyB_N0T4
https://www.youtube.com/watch?v=jCgO44PW7dI
https://www.youtube.com/watch?v=2qmHU79cxuo
https://www.youtube.com/watch?v=FFG8gL6XzDo
https://www.youtube.com/watch?v=UxXyjZ8Dpp4
https://www.youtube.com/watch?v=39-WDvIieGQ
https://www.youtube.com/watch?v=mYPmafswVLA
https://www.youtube.com/watch?v=LQXFKvTTmow
https://www.youtube.com/watch?v=HF1stGpDCZ8
https://www.youtube.com/watch?v=OQ-14q7AJD0
https://www.youtube.com/watch?v=kP1v2nWsJGU
https://www.youtube.com/watch?v=LuqIpvYF_ZM
https://www.youtube.com/watch?v=J0u0Gjh2kCQ
https://www.youtube.com/watch?v=s1phjLbyI88
https://www.youtube.com/watch?v=Euez4oc1V4g
https://www.youtube.com/watch?v=ChIJTsTviiQ
https://www.youtube.com/watch?v=3OyNt7ILzp8
https://www.youtube.com/watch?v=hvNZUJXxMQs
https://www.youtube.com/watch?v=sIn-ep8j4F0
https://www.youtube.com/watch?v=oM3q9trC9o8
https://www.youtube.com/watch?v=HmkMyQjwh4g
https://www.youtube.com/watch?v=mIF26D_Gj34
https://www.youtube.com/watch?v=g90l1iuH5lY
https://www.youtube.com/watch?v=rqq9X84bA3I
https://www.youtube.com/watch?v=h-EsT_X3Vfo
https://www.youtube.com/watch?v=RVKIJy3nf0Q
https://www.youtube.com/watch?v=b6UEbp27EQ0
https://www.youtube.com/watch?v=-HdUIPGXoxk
https://www.youtube.com/watch?v=cElfpBCcZCY
https://www.youtube.com/watch?v=GjX5KVMX82U
https://www.youtube.com/watch?v=QvCHK8t3sHU
https://www.youtube.com/watch?v=tF9p-9VcFvU
https://www.youtube.com/watch?v=93A80sQ61-I
https://www.youtube.com/watch?v=BDK8hT3P9ow
https://www.youtube.com/watch?v=GVzub5IP21U
https://www.youtube.com/watch?v=WksCeSJJmvE
https://www.youtube.com/watch?v=wfmmi_v6UVw
https://www.youtube.com/watch?v=fs-D6Z3Cp5Q
https://www.youtube.com/watch?v=VfUn8UYAITk
https://www.youtube.com/watch?v=wK7INLOKF-s
https://www.youtube.com/watch?v=iUhFS29rJZ4
https://www.youtube.com/watch?v=v9S0aVzquMs
https://www.youtube.com/watch?v=AhCBQ1lSEoE
https://www.youtube.com/watch?v=Q4PxQxsydvI
https://www.youtube.com/watch?v=HRjigizy58g
https://www.youtube.com/watch?v=0mXwxtXiQaQ
https://www.youtube.com/watch?v=5Hs7dNdjZK8
https://www.youtube.com/watch?v=nFHmKwZo-tQ
https://www.youtube.com/watch?v=NcLuJX5KNwA
https://www.youtube.com/watch?v=Ayn_DgvAfkQ
https://www.youtube.com/watch?v=nxKCX20Fv-k
https://www.youtube.com/watch?v=YOWRr5Dw80g
https://www.youtube.com/watch?v=OBAmjwswcyc
https://www.youtube.com/watch?v=o7Mi1uKGT9Q
https://www.youtube.com/watch?v=DHYPC6LHA-I
https://www.youtube.com/watch?v=UlAHxMwRmik
https://www.youtube.com/watch?v=y1HveNE5iEg
https://www.youtube.com/watch?v=1qNW2VMdQhU
https://www.youtube.com/watch?v=j3A1sBQBIXU
https://www.youtube.com/watch?v=sONAqZ7T36o
https://www.youtube.com/watch?v=iqjrtShZODc
https://www.youtube.com/watch?v=er3SntrhWVk
https://www.youtube.com/watch?v=SFRHSgpSFgA
https://www.youtube.com/watch?v=xMgu8tfJKrg
https://www.youtube.com/watch?v=2fpanTqpU-4
https://www.youtube.com/watch?v=HOpZEQD3HaU
https://www.youtube.com/watch?v=a2OfHxLlohU
https://www.youtube.com/watch?v=C_e_YvnTddo
https://www.youtube.com/watch?v=P-tnpgHdEZ8
https://www.youtube.com/watch?v=6aUI77c6oO8
https://www.youtube.com/watch?v=NcLuJX5KNwA
https://www.youtube.com/watch?v=4lZiXtydKp0
https://www.youtube.com/watch?v=riphFiNmQ8g
https://www.youtube.com/watch?v=Jg6Sra9ECTQ
https://www.youtube.com/watch?v=_hIf-W9Gu3A
https://www.youtube.com/watch?v=48PpJ8tWpPk
https://www.youtube.com/watch?v=8EwJ3NKrkik
https://www.youtube.com/watch?v=EHNE_zcdg2w
https://www.youtube.com/watch?v=j1mfpG7SeGE
https://www.youtube.com/watch?v=tvIB7LbwYAA
https://www.youtube.com/watch?v=pNzpE3xhR_A
https://www.youtube.com/watch?v=Vj2f-GhQ3NA
https://www.youtube.com/watch?v=8scSb25w-vQ
https://www.youtube.com/watch?v=YUKxdoPrbLc
https://www.youtube.com/watch?v=ugpPtjgpONY
https://www.youtube.com/watch?v=HXttpzXFYxs
https://www.youtube.com/watch?v=OAx6OFXBXr0
https://www.youtube.com/watch?v=GCKPlirX4jQ
https://www.youtube.com/watch?v=0ZuTW-xsr3Q
https://www.youtube.com/watch?v=knltNr7JYJk
https://www.youtube.com/watch?v=fccqUMC6qww
https://www.youtube.com/watch?v=dewtoJOUhKI
https://www.youtube.com/watch?v=RM8KsxpRzm8
https://www.youtube.com/watch?v=PCrc5CF7bjE
https://www.youtube.com/watch?v=8B-YJwFLD-k
https://www.youtube.com/watch?v=10CjmHZqFag
https://www.youtube.com/watch?v=YeXu47loaQQ
https://www.youtube.com/watch?v=C5dsZZGVzsM
https://www.youtube.com/watch?v=yOvm9EoHRBE
https://www.youtube.com/watch?v=fIo4o7YyFqI
https://www.youtube.com/watch?v=V2q-mEuzLo8
https://www.youtube.com/watch?v=Y2tfCDMlc74
https://www.youtube.com/watch?v=2bRl9UNJWds
https://www.youtube.com/watch?v=EuZA5nl3hos
https://www.youtube.com/watch?v=mJXg1k5OhSY
https://www.youtube.com/watch?v=wRIilTwtcY4
https://www.youtube.com/watch?v=7bKNdZlLrlc
https://www.youtube.com/watch?v=6lT-eXOKnH4
https://www.youtube.com/watch?v=jqmm1xG2HcM
https://www.youtube.com/watch?v=SGBDFy8xWiM
https://www.youtube.com/watch?v=Veo6nET70dw
https://www.youtube.com/watch?v=QJyadmgBHp8
https://www.youtube.com/watch?v=AZOnWCn1m4Q
https://www.youtube.com/watch?v=mt02_AjhaRM
https://www.youtube.com/watch?v=NWs5lJISAVs
https://www.youtube.com/watch?v=WMnqFvepno4
https://www.youtube.com/watch?v=XYhDahKM9h8
https://www.youtube.com/watch?v=BWFSCle3eM0
https://www.youtube.com/watch?v=SDCeercvLVs
https://www.youtube.com/watch?v=snYYfTunZ6Y
https://www.youtube.com/watch?v=U_KWwfLpu8k
https://www.youtube.com/watch?v=o9QlWMBbV3Y
https://www.youtube.com/watch?v=UiAXwC2ouFQ
https://www.youtube.com/watch?v=RZrv2q_ign0
https://www.youtube.com/watch?v=FHR9C0GoPvo
https://www.youtube.com/watch?v=rPkiuHkDMOU
https://www.youtube.com/watch?v=bt8oCfio4y0
https://www.youtube.com/watch?v=JZJ8MJq0m8A
https://www.youtube.com/watch?v=ww5tDYwxqPY
https://www.youtube.com/watch?v=euICci1i96g
https://www.youtube.com/watch?v=TXq4kiq8MV8
https://www.youtube.com/watch?v=f2VxzM9jXnU
https://www.youtube.com/watch?v=Qdvjjw8NpS8
https://www.youtube.com/watch?v=bt8oCfio4y0
https://www.youtube.com/watch?v=JZJ8MJq0m8A
https://www.youtube.com/watch?v=ww5tDYwxqPY
https://www.youtube.com/watch?v=euICci1i96g
https://www.youtube.com/watch?v=r9UytVGtHVg
https://www.youtube.com/watch?v=V-Rp2YWaq1k
https://www.youtube.com/watch?v=W6ee_HnaXXg
https://www.youtube.com/watch?v=C5cw9QEm0Zc
https://www.youtube.com/watch?v=OYMkHXx9tyY
https://www.youtube.com/watch?v=FwY-tG6BQPM
https://www.youtube.com/watch?v=qwxxyXZrDRs
https://www.youtube.com/watch?v=rITSkmzFvfc
https://www.youtube.com/watch?v=llgM3cZ5gj0
https://www.youtube.com/watch?v=t_9iUpUAsv4
https://www.youtube.com/watch?v=kHfLWvK2Sow
https://www.youtube.com/watch?v=Hr6uzqP65_Q
https://www.youtube.com/watch?v=t17TAHTT4ho
https://www.youtube.com/watch?v=hJU8RRqriok
https://www.youtube.com/watch?v=RcJQOsV_QK0
https://www.youtube.com/watch?v=IWQXd8lTUcI
https://www.youtube.com/watch?v=PeasZf8LpJs
https://www.youtube.com/watch?v=SDCeercvLVs
https://www.youtube.com/watch?v=NaTe83v8YYg
https://www.youtube.com/watch?v=HMIPng6K1gU
https://www.youtube.com/watch?v=Hr6uzqP65_Q
https://www.youtube.com/watch?v=QlG5urSUgv0
https://www.youtube.com/watch?v=14jx1w5r0eY
https://www.youtube.com/watch?v=zeOyA3-WrcM
https://www.youtube.com/watch?v=r0FUxlBGg44
https://www.youtube.com/watch?v=_eCLmmx_n5o
https://www.youtube.com/watch?v=woSiYWRjdyU
https://www.youtube.com/watch?v=7KFEtvPBbzc
https://www.youtube.com/watch?v=BQ5eRgcbPak
https://www.youtube.com/watch?v=T8UQUe2r8oI
https://www.youtube.com/watch?v=-hC0S8ssxbo
https://www.youtube.com/watch?v=tirf--yIN7s
https://www.youtube.com/watch?v=H5sN-R04t0s
https://www.youtube.com/watch?v=5w6LlkFwPOI
https://www.youtube.com/watch?v=MmJQmFqb_6Y
https://www.youtube.com/watch?v=t_WwNcRnM0I
https://www.youtube.com/watch?v=Su6F8yN4C3Q
https://www.youtube.com/watch?v=3r1FAcf-HKg
https://www.youtube.com/watch?v=nNXaGaixF7c
https://www.youtube.com/watch?v=BwEJuvkeVvo
https://www.youtube.com/watch?v=1YgtzCciqi4
https://www.youtube.com/watch?v=seB5qQjbHwI
https://www.youtube.com/watch?v=MLC0661y-o8
https://www.youtube.com/watch?v=z_iQlXSbPuY
https://www.youtube.com/watch?v=qtKigItsSUk
https://www.youtube.com/watch?v=VN6KKXUMaik
https://www.youtube.com/watch?v=R4CB5caKqVU
https://www.youtube.com/watch?v=0bdSl8NjMg4
https://www.youtube.com/watch?v=3ZPitAU1bgg
https://www.youtube.com/watch?v=bpt4YD7Ca0g
https://www.youtube.com/watch?v=pGob7e7Oor0
https://www.youtube.com/watch?v=Vl6C-GZzZBk
https://www.youtube.com/watch?v=iwKkpKGl00w
https://www.youtube.com/watch?v=q-MZkMazikc
https://www.youtube.com/watch?v=6yfp0LWvVZI
https://www.youtube.com/watch?v=UqFvwuXBXm0
https://www.youtube.com/watch?v=bErd9q0n3yA
https://www.youtube.com/watch?v=vW8GRGLiKOk
https://www.youtube.com/watch?v=ohHS9bbI1Vo
https://www.youtube.com/watch?v=2mMDsOoFvnA
https://www.youtube.com/watch?v=zxRdqMNns3I
https://www.youtube.com/watch?v=1RejAK3NeeI
https://www.youtube.com/watch?v=MxDxJMw1fWA
https://www.youtube.com/watch?v=K0026Vz_Ds0
https://www.youtube.com/watch?v=Y213QbyetGU
https://www.youtube.com/watch?v=L43LoTtkyXI
https://www.youtube.com/watch?v=YIHQzwMxUFI
https://www.youtube.com/watch?v=_kOtTxtCOek
https://www.youtube.com/watch?v=wpH9JggA3E0
https://www.youtube.com/watch?v=R6rf6FjU1dM
https://www.youtube.com/watch?v=ADBhoBUAGrQ
https://www.youtube.com/watch?v=jn9FGPzw4C8
https://www.youtube.com/watch?v=l2denbgV4sE
https://www.youtube.com/watch?v=Yo_2i49eoRY
https://www.youtube.com/watch?v=tiY1Jk0fkkc
https://www.youtube.com/watch?v=GV_3ODHXiTg
https://www.youtube.com/watch?v=UtvA2jL8IAU
https://www.youtube.com/watch?v=FjLSjPx4T40
https://www.youtube.com/watch?v=vxfSa1zIJjI
https://www.youtube.com/watch?v=fwSb18Kauvk
https://www.youtube.com/watch?v=2Y62EEb0JlM
https://www.youtube.com/watch?v=hu5Wcgj966o
https://www.youtube.com/watch?v=UpPmnnJcy6A
https://www.youtube.com/watch?v=CLhbhCxV2w8
https://www.youtube.com/watch?v=aQMPYfbRCU8
https://www.youtube.com/watch?v=leiX85z9O80
https://www.youtube.com/watch?v=W_NZnNAMZzg
https://www.youtube.com/watch?v=SEP06jj3d1k
https://www.youtube.com/watch?v=AEu6lrXMxEg
https://www.youtube.com/watch?v=rP4uTRihl0o
https://www.youtube.com/watch?v=ap9qd_NUuss
https://www.youtube.com/watch?v=VfKHm4JHflc
https://www.youtube.com/watch?v=0WYFGZTKEN8
https://www.youtube.com/watch?v=1HSku5ykRTk
https://www.youtube.com/watch?v=uFmNaXAg0sw
https://www.youtube.com/watch?v=Dn7pVUxpUJQ
https://www.youtube.com/watch?v=BsNjCl-5nWI
https://www.youtube.com/watch?v=Tl4nUacaAbw
https://www.youtube.com/watch?v=l6X4VWpsGvs
https://www.youtube.com/watch?v=x3bHF-ErKlo
https://www.youtube.com/watch?v=zIcuL9GFrYg
https://www.youtube.com/watch?v=VKMTUELRkCE
https://www.youtube.com/watch?v=smc5D2KbZ30
https://www.youtube.com/watch?v=wJlGeFcKnDI
https://www.youtube.com/watch?v=e2-YeGL9taM
https://www.youtube.com/watch?v=V1nqWihTx0Q
https://www.youtube.com/watch?v=K0Wzt39v-Lc
https://www.youtube.com/watch?v=r63N-5jb-es
https://www.youtube.com/watch?v=pxN96uarIZk
https://www.youtube.com/watch?v=5311bUtI7uY
https://www.youtube.com/watch?v=KoaT2ZNwaAk
https://www.youtube.com/watch?v=KIIGGd72_fI
https://www.youtube.com/watch?v=rNfC8Q8U-04
https://www.youtube.com/watch?v=XrcOLbvCEIc
https://www.youtube.com/watch?v=upfw9lhnfKg
https://www.youtube.com/watch?v=9Bk2y6KhtJY
https://www.youtube.com/watch?v=xE1P59-AVJU
https://www.youtube.com/watch?v=EGSdvl6YT8c
https://www.youtube.com/watch?v=_9qlS1QeKJQ
https://www.youtube.com/watch?v=IvX2BB2mXDs
https://www.youtube.com/watch?v=I6NuFqhIKsg
https://www.youtube.com/watch?v=wCN-byYKF_0
https://www.youtube.com/watch?v=2IZwLNPWT5k
https://www.youtube.com/watch?v=nwTt1RNMZuA
https://www.youtube.com/watch?v=vCTyrsxoWNc
https://www.youtube.com/watch?v=Mm3RKsrY9t4
https://www.youtube.com/watch?v=26T3wbeI8bQ
https://www.youtube.com/watch?v=CgpltyzVuMw
https://www.youtube.com/watch?v=6vid7CfeGnM
https://www.youtube.com/watch?v=g2h_xpftixg
https://www.youtube.com/watch?v=686hW5ReIFU
https://www.youtube.com/watch?v=pWHYd7re9bo
https://www.youtube.com/watch?v=bcZqCnpzRNM
https://www.youtube.com/watch?v=t_YE8AEgHfs
https://www.youtube.com/watch?v=_orZ1S4yMEQ
https://www.youtube.com/watch?v=rRUsZOG2p1E
https://www.youtube.com/watch?v=5F_JDm1VWH8
https://www.youtube.com/watch?v=T__sMBYWM8Q
https://www.youtube.com/watch?v=kE69fNPrEcg
https://www.youtube.com/watch?v=E-Gza39etZk
https://www.youtube.com/watch?v=qeM5l0yPkxE
https://www.youtube.com/watch?v=RHTgKraCByY
https://www.youtube.com/watch?v=dT2ANPzxhHg
https://www.youtube.com/watch?v=ADkvTqvNaS0
https://www.youtube.com/watch?v=Kes0PJvZ72w
https://www.youtube.com/watch?v=2MxZwgXknbc
https://www.youtube.com/watch?v=6kWLq0SBS0E
https://www.youtube.com/watch?v=Wytg70jOh2A
https://www.youtube.com/watch?v=BpAAdyXRdWM
https://www.youtube.com/watch?v=h2ix2ld9BFg
https://www.youtube.com/watch?v=HQ_G8LSCtus
https://www.youtube.com/watch?v=bKcsw6pdDQM
https://www.youtube.com/watch?v=9t2tkT87GKI
https://www.youtube.com/watch?v=q3aPfD0uzeY
https://www.youtube.com/watch?v=gK_QzPcEwzc
https://www.youtube.com/watch?v=H8xJO-XKlV4
https://www.youtube.com/watch?v=MDYB7im-FqM
https://www.youtube.com/watch?v=KX7nSv932t4
https://www.youtube.com/watch?v=smKVGYK4KEQ
https://www.youtube.com/watch?v=UrW3RAnjo4k
https://www.youtube.com/watch?v=Z0mPrqwRzO8
https://www.youtube.com/watch?v=AzLxZHKCc7Y
https://www.youtube.com/watch?v=d5TZuFDWXUU
https://www.youtube.com/watch?v=iG5wVEYZCwY
https://www.youtube.com/watch?v=ljvuNRU7RgE
https://www.youtube.com/watch?v=ey3h0IHe2lw
https://www.youtube.com/watch?v=OcFxSeVVpAI
https://www.youtube.com/watch?v=N_Wkl3YRDj4
https://www.youtube.com/watch?v=UoQ326fluUM
https://www.youtube.com/watch?v=mofh-vwM2_I
https://www.youtube.com/watch?v=r5I6b_uMHBg
https://www.youtube.com/watch?v=B3z2T7ed6Os
https://www.youtube.com/watch?v=sHmiqICu3C0
https://www.youtube.com/watch?v=js8MwD_q9SU
https://www.youtube.com/watch?v=D7fxp5q8mUQ
https://www.youtube.com/watch?v=s6jUTWwe4Dk
https://www.youtube.com/watch?v=licoXfYz7-I
https://www.youtube.com/watch?v=XGcY7EMc9M8
https://www.youtube.com/watch?v=nCQZOpgx25k
https://www.youtube.com/watch?v=c7TTkWaQP9c
https://www.youtube.com/watch?v=8deAZF5o-YI
https://www.youtube.com/watch?v=Q2tUU5PKKw4
https://www.youtube.com/watch?v=Pk5Cf4Uteuo
https://www.youtube.com/watch?v=XGcY7EMc9M8
https://www.youtube.com/watch?v=nCQZOpgx25k
https://www.youtube.com/watch?v=c7TTkWaQP9c
https://www.youtube.com/watch?v=8deAZF5o-YI
https://www.youtube.com/watch?v=DCkMib1GD9w
https://www.youtube.com/watch?v=JZmNbJRGcro
https://www.youtube.com/watch?v=goWUqvd8Ji4
https://www.youtube.com/watch?v=AzLxZHKCc7Y
https://www.youtube.com/watch?v=pL0P5Wk8d6Y
https://www.youtube.com/watch?v=8pcNwMtTF-Q
https://www.youtube.com/watch?v=UrW3RAnjo4k
https://www.youtube.com/watch?v=l7bWsE_fMxI
https://www.youtube.com/watch?v=6hs7xtnYT5w
https://www.youtube.com/watch?v=LLJFsGUc-B4
https://www.youtube.com/watch?v=B3Qh7Ebxnd4
https://www.youtube.com/watch?v=XdLUXJw5iQM
https://www.youtube.com/watch?v=EohgtAshnOU
https://www.youtube.com/watch?v=F6qv5yeNLgc
https://www.youtube.com/watch?v=EfAuJKWEuEU
https://www.youtube.com/watch?v=LYMsddHzdSM
https://www.youtube.com/watch?v=OG9RisBB1TM
https://www.youtube.com/watch?v=25i8owRL2r4
https://www.youtube.com/watch?v=fWTEPauXHc4
https://www.youtube.com/watch?v=PnRsTfgcMn0
https://www.youtube.com/watch?v=nrdZf5Dxa1g
https://www.youtube.com/watch?v=QFMDbWh3_zQ
https://www.youtube.com/watch?v=Q7P29znqSPA
https://www.youtube.com/watch?v=f18nShbwIco
https://www.youtube.com/watch?v=rVpTXDF2Vmg
https://www.youtube.com/watch?v=gYPr9ldAHqo
https://www.youtube.com/watch?v=tcjXe_rHstw
https://www.youtube.com/watch?v=8LFqF7b3rnc
https://www.youtube.com/watch?v=r0lWUXBq7Fk
https://www.youtube.com/watch?v=i6KX2TW36s4
https://www.youtube.com/watch?v=UGIC5sRqBtI
https://www.youtube.com/watch?v=kYGdFafAQMU
https://www.youtube.com/watch?v=PrAurLTYFgE
https://www.youtube.com/watch?v=WgSwHB19amU
https://www.youtube.com/watch?v=EV2WoGn7W3Y
https://www.youtube.com/watch?v=BqTB8VV1teg
https://www.youtube.com/watch?v=FeQBYnhFrec
https://www.youtube.com/watch?v=axyMHmnQADE
https://www.youtube.com/watch?v=zj8co5Y9jDc
https://www.youtube.com/watch?v=YflrtFK-Q7E
https://www.youtube.com/watch?v=g9RVunlKKG0
https://www.youtube.com/watch?v=JQz_cgCSMtM
https://www.youtube.com/watch?v=Z07aNiKmiBg
https://www.youtube.com/watch?v=C93KZp_xh1o
https://www.youtube.com/watch?v=wwdhnmvWIC8
https://www.youtube.com/watch?v=h7j3e5YVgcs
https://www.youtube.com/watch?v=My2xFLj77RI
https://www.youtube.com/watch?v=prEupjLLgBc
https://www.youtube.com/watch?v=Lfn_GgHglzA
https://www.youtube.com/watch?v=DJ7RKZmy54E
https://www.youtube.com/watch?v=CD-3znDBv4Q
https://www.youtube.com/watch?v=IJ0TW7_7Wp0
https://www.youtube.com/watch?v=6LNH585_Mr0
https://www.youtube.com/watch?v=ADkvTqvNaS0
https://www.youtube.com/watch?v=AsGt3XKWW7s
https://www.youtube.com/watch?v=zWqPyYiV_3I
https://www.youtube.com/watch?v=g6iq8q45N5c
https://www.youtube.com/watch?v=qz4I9F-8G0E
https://www.youtube.com/watch?v=E53czNsPIfY
https://www.youtube.com/watch?v=cI6DaD5_TxE
https://www.youtube.com/watch?v=5YYKXAT1flo
https://www.youtube.com/watch?v=Pi5uds4AaAw
https://www.youtube.com/watch?v=Zniaza2e82c
https://www.youtube.com/watch?v=vyxotK16pZU
https://www.youtube.com/watch?v=cteT4Q_ewb4
https://www.youtube.com/watch?v=W0K_ki6EmQc
https://www.youtube.com/watch?v=P9LKE2c0fLg
https://www.youtube.com/watch?v=OgkUVAdb0zw
https://www.youtube.com/watch?v=gsgaknMipcU
https://www.youtube.com/watch?v=DpSUsUAtu0E
https://www.youtube.com/watch?v=qTNR0KucfDc
https://www.youtube.com/watch?v=EAtg1Yb7Lkk
https://www.youtube.com/watch?v=R1Suv6JOyZw
https://www.youtube.com/watch?v=HHAgokmDJXk
https://www.youtube.com/watch?v=EtzRy7sALGU
https://www.youtube.com/watch?v=x703yEw6hCM
https://www.youtube.com/watch?v=rU7EmtVpOWU
https://www.youtube.com/watch?v=7BtDnoAMQQ8
https://www.youtube.com/watch?v=rB-YosQSvg0
https://www.youtube.com/watch?v=6cTvOMPz1Lk
https://www.youtube.com/watch?v=XwJnXQHEVyY
https://www.youtube.com/watch?v=9zQPQIBt3Hk
https://www.youtube.com/watch?v=1fLU7Za73bM
https://www.youtube.com/watch?v=OcAc-8MPU-k
https://www.youtube.com/watch?v=QdhLhByD6lI
https://www.youtube.com/watch?v=CTU2NOEgomo
https://www.youtube.com/watch?v=KUKN8sel9JQ
https://www.youtube.com/watch?v=o7-hOtnEe1c
https://www.youtube.com/watch?v=CLyotQGCYFU
https://www.youtube.com/watch?v=te8tR4lbAwM
https://www.youtube.com/watch?v=zI3IQQ1DhVk
https://www.youtube.com/watch?v=1KH2skoyYSI
https://www.youtube.com/watch?v=gsgaknMipcU
https://www.youtube.com/watch?v=j8NZXRCGNv8
https://www.youtube.com/watch?v=ksIB0ExZqyY
https://www.youtube.com/watch?v=c9vYrQRrQuY
https://www.youtube.com/watch?v=9a2YWyxiSbk
https://www.youtube.com/watch?v=NdNS710gTlY
https://www.youtube.com/watch?v=_yYcrJ93_yY
https://www.youtube.com/watch?v=YUB2sK1X6Wg
https://www.youtube.com/watch?v=4fugDlHQtkc
https://www.youtube.com/watch?v=0e3GPea1Tyg
https://www.youtube.com/watch?v=eZSllAj9z-A
https://www.youtube.com/watch?v=iF2Abd_zxHQ
https://www.youtube.com/watch?v=EBgl22ysOz4
https://www.youtube.com/watch?v=BjzNtKCko7E
https://www.youtube.com/watch?v=q_ZVXKw6Izo
https://www.youtube.com/watch?v=kktA_ZGJKKY
https://www.youtube.com/watch?v=Mn5vPsMH-wc
https://www.youtube.com/watch?v=Fot4iHmE5YI
https://www.youtube.com/watch?v=RwaprypYhks
https://www.youtube.com/watch?v=QDJhJCdpYAM
https://www.youtube.com/watch?v=T7Un8yfXfQ8
https://www.youtube.com/watch?v=jJdzHtYTpu0
https://www.youtube.com/watch?v=pmUWGvL9mzg
https://www.youtube.com/watch?v=VwyFhSd43gs
https://www.youtube.com/watch?v=6M2WiRX14Q4
https://www.youtube.com/watch?v=w6wXXbMbyo4
https://www.youtube.com/watch?v=6Y9lbPje0rk
https://www.youtube.com/watch?v=SOAJaSYvI9A
https://www.youtube.com/watch?v=TblJJbyAgnY
https://www.youtube.com/watch?v=En-27fu-QE0
https://www.youtube.com/watch?v=t839Hte0zLA
https://www.youtube.com/watch?v=hgwJRzLFSZI
https://www.youtube.com/watch?v=qMuRwmvTAsA
https://www.youtube.com/watch?v=AXPqxw8n3cs
https://www.youtube.com/watch?v=FVMbQb8fvD8
https://www.youtube.com/watch?v=4HDtP9B1Mao
https://www.youtube.com/watch?v=Bb8lrFtrJQY
https://www.youtube.com/watch?v=RCviA3sYHsA
https://www.youtube.com/watch?v=1X9_X9fiRAs
https://www.youtube.com/watch?v=-lkRznFpY_0
https://www.youtube.com/watch?v=qy6_BC-cb5U
https://www.youtube.com/watch?v=TXJwyscWans
https://www.youtube.com/watch?v=swVG46mM23g
https://www.youtube.com/watch?v=Af2olKAybEk
https://www.youtube.com/watch?v=__Flwdmthn8
https://www.youtube.com/watch?v=LiszjZqN9_Y
https://www.youtube.com/watch?v=sXO-KfNwZig
https://www.youtube.com/watch?v=SemZLwsqdeA
https://www.youtube.com/watch?v=_KpfqzRwQbY
https://www.youtube.com/watch?v=VMySssMmycY
https://www.youtube.com/watch?v=LiszjZqN9_Y
https://www.youtube.com/watch?v=sXO-KfNwZig
https://www.youtube.com/watch?v=SemZLwsqdeA
https://www.youtube.com/watch?v=_KpfqzRwQbY
https://www.youtube.com/watch?v=VMySssMmycY
https://www.youtube.com/watch?v=QRiwBOO8bSc
https://www.youtube.com/watch?v=ecoQBMecfss
https://www.youtube.com/watch?v=5j5w1wC8bDI
https://www.youtube.com/watch?v=IXyMv-Fc44g
https://www.youtube.com/watch?v=loMgRBi8wNs
https://www.youtube.com/watch?v=498Qnz5qgCY
https://www.youtube.com/watch?v=CA16D_Gi8WA
https://www.youtube.com/watch?v=RzDwYJWVOmY
https://www.youtube.com/watch?v=2RlyHcIJgvs
https://www.youtube.com/watch?v=oQ8qA0OpID8
https://www.youtube.com/watch?v=AgAndtYjRhw
https://www.youtube.com/watch?v=fZHbEfyEZPM
https://www.youtube.com/watch?v=SgrWaKH2tf4
https://www.youtube.com/watch?v=YDH6qGnOFhM
https://www.youtube.com/watch?v=5OJi0Ym2k-k
https://www.youtube.com/watch?v=BSqmWufBWic
https://www.youtube.com/watch?v=6Q3VUIl87NQ
https://www.youtube.com/watch?v=839cGrQb69k
https://www.youtube.com/watch?v=oJCF50bpYlo
https://www.youtube.com/watch?v=3ZfrRjla_7E
https://www.youtube.com/watch?v=JZ9msGZJb3I
https://www.youtube.com/watch?v=oXjxK_X1U28
https://www.youtube.com/watch?v=4qu0R5lUs5I
https://www.youtube.com/watch?v=3BV-j22SG-A
https://www.youtube.com/watch?v=q8Id5wYidZU
https://www.youtube.com/watch?v=aF-8ZgtHmlM
https://www.youtube.com/watch?v=eIGshGk8g1E
https://www.youtube.com/watch?v=DvyYaYvaaQQ
https://www.youtube.com/watch?v=2dr3bBbD2KM
https://www.youtube.com/watch?v=wN34fskJu7k
https://www.youtube.com/watch?v=djvojDiqHZY
https://www.youtube.com/watch?v=Ll7qyDFFBL0
https://www.youtube.com/watch?v=v0X7i94bFBI
https://www.youtube.com/watch?v=56KLwzNbh7o
https://www.youtube.com/watch?v=rHcWOJ_LN7o
https://www.youtube.com/watch?v=StEYaf5tMEE
https://www.youtube.com/watch?v=42h9tGle7Co
https://www.youtube.com/watch?v=eO46HdMutUA
https://www.youtube.com/watch?v=Y4BfK_LpDRE
https://www.youtube.com/watch?v=JERmfIteJsI
https://www.youtube.com/watch?v=VE4Nn4-5MHU
https://www.youtube.com/watch?v=JERmfIteJsI
https://www.youtube.com/watch?v=SS-3oiD6KUA
https://www.youtube.com/watch?v=DsxKQ-V1fTE
https://www.youtube.com/watch?v=SS-3oiD6KUA
https://www.youtube.com/watch?v=DsxKQ-V1fTE
https://www.youtube.com/watch?v=THUcMwXDhvw
https://www.youtube.com/watch?v=-6OE5tnmo2Y
https://www.youtube.com/watch?v=wprQlRmVbbg
https://www.youtube.com/watch?v=mqhtcSUTZ6Y
https://www.youtube.com/watch?v=hCYeC7RvxJI
https://www.youtube.com/watch?v=zUW7Y0EPFU4
https://www.youtube.com/watch?v=0vXM9ELek7U
https://www.youtube.com/watch?v=FB9aXHCVitI
https://www.youtube.com/watch?v=OKOFFfmeit0
https://www.youtube.com/watch?v=XpPZJWSZSBE
https://www.youtube.com/watch?v=eTo7jvTUtXc
https://www.youtube.com/watch?v=cdKy7mml7cQ
https://www.youtube.com/watch?v=mSgAb173PuU
https://www.youtube.com/watch?v=cgjZ8f8ewJw
https://www.youtube.com/watch?v=jy_gfWlbeFs
https://www.youtube.com/watch?v=QrDcPwOw9aI
https://www.youtube.com/watch?v=6Ky-OJHEv_w
https://www.youtube.com/watch?v=ysFg_9HMuS8
https://www.youtube.com/watch?v=EHnNJKSE87Y
https://www.youtube.com/watch?v=SiaCB23s6aU
https://www.youtube.com/watch?v=OBI_de_heyQ
https://www.youtube.com/watch?v=7otqSUYrCaE
https://www.youtube.com/watch?v=pG2XMJipRnk
https://www.youtube.com/watch?v=vz_mcYTlIfc
https://www.youtube.com/watch?v=IAxmbI5fjEk
https://www.youtube.com/watch?v=Zp2lMM4KhuU
https://www.youtube.com/watch?v=8nmPS8F6XqM
https://www.youtube.com/watch?v=_BRyXcac1bU
https://www.youtube.com/watch?v=in7RI-p13yU
https://www.youtube.com/watch?v=RQmZFXydQQk
https://www.youtube.com/watch?v=BhomIrJ5z3U
https://www.youtube.com/watch?v=0Sv1jqVbhlo
https://www.youtube.com/watch?v=holEqUrf_08
https://www.youtube.com/watch?v=aBHKpkOA-LY
https://www.youtube.com/watch?v=aAL68GXoZjk
https://www.youtube.com/watch?v=i8y9XYC3-uc
https://www.youtube.com/watch?v=uDMXQpS2Qc0
https://www.youtube.com/watch?v=R54aT1Mdu90
https://www.youtube.com/watch?v=V_VBGWlZPTs
https://www.youtube.com/watch?v=buO5lxodrbE
https://www.youtube.com/watch?v=rpEza_93hfU
https://www.youtube.com/watch?v=p-0q9q0n8wI
https://www.youtube.com/watch?v=QMiscWPSfFI
https://www.youtube.com/watch?v=XiArXqe-QA4
https://www.youtube.com/watch?v=Z2fATA27cCw
https://www.youtube.com/watch?v=2GENsLPSQWE
https://www.youtube.com/watch?v=lVN6CV_daT4
https://www.youtube.com/watch?v=JWewwp90niA
https://www.youtube.com/watch?v=VmfFieM1Onw
https://www.youtube.com/watch?v=Q0cYqsN1_AU
https://www.youtube.com/watch?v=fHxAczialNA
https://www.youtube.com/watch?v=uFP0aXXiDfo
https://www.youtube.com/watch?v=G07yUD__sfU
https://www.youtube.com/watch?v=jlREPPfS5AY
https://www.youtube.com/watch?v=GaMDhcm4iB4
https://www.youtube.com/watch?v=LatJ_B97o9w
https://www.youtube.com/watch?v=w9gWpn1uPsU
https://www.youtube.com/watch?v=u9mdmpzFOTk
https://www.youtube.com/watch?v=75knCIJI0dM
https://www.youtube.com/watch?v=x6G-meXaxk8
https://www.youtube.com/watch?v=ksGlRnudW5A
https://www.youtube.com/watch?v=fXIaxs7aGFs
https://www.youtube.com/watch?v=q1SbRQCw4No
https://www.youtube.com/watch?v=O-pHRWXPPCQ
https://www.youtube.com/watch?v=R01D5eWUcqw
https://www.youtube.com/watch?v=0VOEKVrGpRM
https://www.youtube.com/watch?v=Vdyuv1Osub0
https://www.youtube.com/watch?v=NC7nn44pAYw
https://www.youtube.com/watch?v=VvSH3Ywo62w
https://www.youtube.com/watch?v=1vHdyQP3ElE
https://www.youtube.com/watch?v=TBGGxezIioc
https://www.youtube.com/watch?v=NYIe3n9GIFc
https://www.youtube.com/watch?v=DZqQFeBGmCw
https://www.youtube.com/watch?v=fUtYoB8xbuw
https://www.youtube.com/watch?v=tZtXeQpux9w
https://www.youtube.com/watch?v=8nMRcbtMR-4
https://www.youtube.com/watch?v=LyglVgUC69Q
https://www.youtube.com/watch?v=Q4na1xbR4VU
https://www.youtube.com/watch?v=buXJt1wHyx8
https://www.youtube.com/watch?v=xVGBGsNgR_E
https://www.youtube.com/watch?v=8dfvyh_RP_E
https://www.youtube.com/watch?v=jSdNURvoMEw
https://www.youtube.com/watch?v=s9rIemSuc0g
https://www.youtube.com/watch?v=Kl16wOQpVnY
https://www.youtube.com/watch?v=-CYupmrQjR4
https://www.youtube.com/watch?v=KNnubCBWaMk
https://www.youtube.com/watch?v=8VlqYSbYdjQ
https://www.youtube.com/watch?v=HwJDOn2KK6k
https://www.youtube.com/watch?v=1i47uBvCb1A
https://www.youtube.com/watch?v=AuA2zq0Jcis
https://www.youtube.com/watch?v=iNP9mmnhWYY
https://www.youtube.com/watch?v=wES_eGXMU_s
https://www.youtube.com/watch?v=OG6zhZrbHW0
https://www.youtube.com/watch?v=79saAbxjRcc
https://www.youtube.com/watch?v=m7hgUdQjLFg
https://www.youtube.com/watch?v=heyrTjF5LXk
https://www.youtube.com/watch?v=x98hz0OrxLc
https://www.youtube.com/watch?v=DaeLA9fNsww
https://www.youtube.com/watch?v=Mt0YlYQg46I
https://www.youtube.com/watch?v=YliGBFZQjRA
https://www.youtube.com/watch?v=c0sj6yg9_58
https://www.youtube.com/watch?v=8VeS7tmteNQ
https://www.youtube.com/watch?v=vJtvlml4BIU
https://www.youtube.com/watch?v=1A7Qw88As64
https://www.youtube.com/watch?v=JilVJl45UnA
https://www.youtube.com/watch?v=RXbzu9jghuQ
https://www.youtube.com/watch?v=f6WxImOpH3Y
https://www.youtube.com/watch?v=fiXdV_POpyQ
https://www.youtube.com/watch?v=E-HCQCAUr6Q
https://www.youtube.com/watch?v=lvgOibjvFmw
https://www.youtube.com/watch?v=Gvq9ve3_JNU
https://www.youtube.com/watch?v=FOl5Mw6s05s
https://www.youtube.com/watch?v=Xgnu0pZ0R5w
https://www.youtube.com/watch?v=6ZP6zozN2DQ
https://www.youtube.com/watch?v=F62LEVZYMog
https://www.youtube.com/watch?v=ZeXnMGn0tYM
https://www.youtube.com/watch?v=WJ4RyGwpfVM
https://www.youtube.com/watch?v=JCslLsV1tgI
https://www.youtube.com/watch?v=OZYhIZgJm9w
https://www.youtube.com/watch?v=Jfr44Zv0v7k
https://www.youtube.com/watch?v=xOLBDESEVmA
https://www.youtube.com/watch?v=NrIxo-XG3OY
https://www.youtube.com/watch?v=RcWQ4xG4kpA
https://www.youtube.com/watch?v=dYF-LWTvxdA
https://www.youtube.com/watch?v=OGkw_j7_MCU
https://www.youtube.com/watch?v=kcBYRM5shdk
https://www.youtube.com/watch?v=1hnL9MjymwM
https://www.youtube.com/watch?v=WBnSxSYLJEE
https://www.youtube.com/watch?v=FLZuIRbSrl0
https://www.youtube.com/watch?v=SsSzE5pKkRQ
https://www.youtube.com/watch?v=SFErk-dtvQM
https://www.youtube.com/watch?v=iqy8wKr3UAc
https://www.youtube.com/watch?v=Wy5bRVVihb8
https://www.youtube.com/watch?v=vrovvvZgky4
https://www.youtube.com/watch?v=I-144GnMZE4
https://www.youtube.com/watch?v=pW-eImwc_h4
https://www.youtube.com/watch?v=Al1I5Kw1ZyA
https://www.youtube.com/watch?v=klHwhW8KxFo
https://www.youtube.com/watch?v=wRpSUHFok8A
https://www.youtube.com/watch?v=SeTlJZRTk9U
https://www.youtube.com/watch?v=-1gnmZlZmM8
https://www.youtube.com/watch?v=_0wwznBo9E4
https://www.youtube.com/watch?v=EkWjaoH7k6w
https://www.youtube.com/watch?v=fr13HBsYLrw
https://www.youtube.com/watch?v=xGkcwINTGAo
https://www.youtube.com/watch?v=uZ4H7CKe6RQ
https://www.youtube.com/watch?v=M1UMa-58qGE
https://www.youtube.com/watch?v=MUX90lR8ngE
https://www.youtube.com/watch?v=vyQf9nB4eYk
https://www.youtube.com/watch?v=2xluwyA_Q4A
https://www.youtube.com/watch?v=GAhWN9zmEV0
https://www.youtube.com/watch?v=yu0321EoVrk
https://www.youtube.com/watch?v=3EJUxmGs-hI
https://www.youtube.com/watch?v=U4hWtQvsxuE
https://www.youtube.com/watch?v=Vf0MC3CFihY
https://www.youtube.com/watch?v=1n_c5axemoE
https://www.youtube.com/watch?v=1YOovPkiMrk
https://www.youtube.com/watch?v=zC4JD5FZdUY
https://www.youtube.com/watch?v=x4V2O0RsOxY
https://www.youtube.com/watch?v=qPNupjUd7ms
https://www.youtube.com/watch?v=pHLyrB8YZi0
https://www.youtube.com/watch?v=o6zHusqHxsg
https://www.youtube.com/watch?v=K5eC8SzQQ80
https://www.youtube.com/watch?v=qxUX36_5l2w
https://www.youtube.com/watch?v=9NE-2d9G3FE
https://www.youtube.com/watch?v=5w3gavOJiXg
https://www.youtube.com/watch?v=NT8IDYrdJ00
https://www.youtube.com/watch?v=X64Ou0Br4rI
https://www.youtube.com/watch?v=7jEQMvpdKa4
https://www.youtube.com/watch?v=1XstSqxBvjI
https://www.youtube.com/watch?v=K5eC8SzQQ80
https://www.youtube.com/watch?v=qxUX36_5l2w
https://www.youtube.com/watch?v=9NE-2d9G3FE
https://www.youtube.com/watch?v=5w3gavOJiXg
https://www.youtube.com/watch?v=NT8IDYrdJ00
https://www.youtube.com/watch?v=qKhZnrKTJzw
https://www.youtube.com/watch?v=96h-HMgWa8o
https://www.youtube.com/watch?v=XsqsEJ2v3_c
https://www.youtube.com/watch?v=V_VBGWlZPTs
https://www.youtube.com/watch?v=qXXd6370UPU
https://www.youtube.com/watch?v=S1dZia539WI
https://www.youtube.com/watch?v=_M4jXx5rfqA
https://www.youtube.com/watch?v=4c22xhsHiW8
https://www.youtube.com/watch?v=qKhZnrKTJzw
https://www.youtube.com/watch?v=96h-HMgWa8o
https://www.youtube.com/watch?v=XsqsEJ2v3_c
https://www.youtube.com/watch?v=V_VBGWlZPTs
https://www.youtube.com/watch?v=qXXd6370UPU
https://www.youtube.com/watch?v=jWVwhfXuRIA
https://www.youtube.com/watch?v=Yl_8mKpe7_M
https://www.youtube.com/watch?v=-m_r7POZyDE
https://www.youtube.com/watch?v=G1vod9fmetk
https://www.youtube.com/watch?v=zoP8X2dIj9E
https://www.youtube.com/watch?v=DLHKpCwDyJI
https://www.youtube.com/watch?v=mf72t9B_CEI
https://www.youtube.com/watch?v=8-ijgoIIMc8
https://www.youtube.com/watch?v=QCVk4LBhINY
https://www.youtube.com/watch?v=vTZ1XayooqQ
https://www.youtube.com/watch?v=7fBvddZKfKA
https://www.youtube.com/watch?v=a9wdKALTZT8
https://www.youtube.com/watch?v=I2TKpfh1ueU
https://www.youtube.com/watch?v=HbCUksYvcIg
https://www.youtube.com/watch?v=HaPm_pls9YM
https://www.youtube.com/watch?v=kIiRquf2ndg
https://www.youtube.com/watch?v=iVCb5lbk0B8
https://www.youtube.com/watch?v=Mow5W81928o
https://www.youtube.com/watch?v=-Jn9BK6iPRc
https://www.youtube.com/watch?v=46hADZJ5tUw
https://www.youtube.com/watch?v=L-RyUaTG2oM
https://www.youtube.com/watch?v=5Kw3doVWC24
https://www.youtube.com/watch?v=tPQeOb_UIWA
https://www.youtube.com/watch?v=IGsKZPWZ-YE
https://www.youtube.com/watch?v=IqVkVk8sMBk
https://www.youtube.com/watch?v=iCUjw1ENRu4
https://www.youtube.com/watch?v=AF02tZAuB_0
https://www.youtube.com/watch?v=5TRWJcEoY4g
https://www.youtube.com/watch?v=gQ-aCQ7pCH0
https://www.youtube.com/watch?v=i86H4561bAM
https://www.youtube.com/watch?v=i5HEtzyt8b4
https://www.youtube.com/watch?v=S3qJehhSGYc
https://www.youtube.com/watch?v=86d4iGtcS20
https://www.youtube.com/watch?v=27-GB24hVc0
https://www.youtube.com/watch?v=kb1zE1rdEC8
https://www.youtube.com/watch?v=YEtUqKfjwWc
https://www.youtube.com/watch?v=3qany7C-_JM
https://www.youtube.com/watch?v=mqeD_JjEy0Y
https://www.youtube.com/watch?v=Tnwupz-oBEE
https://www.youtube.com/watch?v=nOJtrbvkyWM
https://www.youtube.com/watch?v=S0846fbnXxU
https://www.youtube.com/watch?v=fTnL0SLHXzA
https://www.youtube.com/watch?v=cqE6Uc94ugU
https://www.youtube.com/watch?v=EmZaexwX7ds
https://www.youtube.com/watch?v=NzcFWgkMots
https://www.youtube.com/watch?v=Odjey4PytjE
https://www.youtube.com/watch?v=xYKJx8lRygY
https://www.youtube.com/watch?v=u3oZbXhJPwQ
https://www.youtube.com/watch?v=9aWRA6jJqPI
https://www.youtube.com/watch?v=iKrLNPzf-Mg
https://www.youtube.com/watch?v=sn4aqaSmovw
https://www.youtube.com/watch?v=rZtYW4Xonv0
https://www.youtube.com/watch?v=icVpRMeG5ek
https://www.youtube.com/watch?v=wBSscJE5zwQ
https://www.youtube.com/watch?v=Un-nDs-yRmM
https://www.youtube.com/watch?v=UTDDcFT9jjE
https://www.youtube.com/watch?v=IpKk6ckH5q0
https://www.youtube.com/watch?v=rmpsyOyxkWg
https://www.youtube.com/watch?v=_o4t68w47f0
https://www.youtube.com/watch?v=fHxAczialNA
https://www.youtube.com/watch?v=yEdjmuf0Bec
https://www.youtube.com/watch?v=xOLBDESEVmA
https://www.youtube.com/watch?v=fw3CTZV1oZo
https://www.youtube.com/watch?v=3lYMWQ5i5gE
https://www.youtube.com/watch?v=H4C7Kr8lnJI
https://www.youtube.com/watch?v=q1yn1gMoPf4
https://www.youtube.com/watch?v=M9lK8yZowzo
https://www.youtube.com/watch?v=2y2766HnCk0
https://www.youtube.com/watch?v=PrsWwoSDp1Q
https://www.youtube.com/watch?v=8XQetWIXoWc
https://www.youtube.com/watch?v=fYBxNDfuNIA
https://www.youtube.com/watch?v=idmZCvhhl-k
https://www.youtube.com/watch?v=D4r_jYO7Q20
https://www.youtube.com/watch?v=LatJ_B97o9w
https://www.youtube.com/watch?v=jlREPPfS5AY
https://www.youtube.com/watch?v=dAd0kUmd-n8
https://www.youtube.com/watch?v=eMooiKUwnxo
https://www.youtube.com/watch?v=zvw5saHY1Zs
https://www.youtube.com/watch?v=byOHr6xG6pc
https://www.youtube.com/watch?v=GdRb3BNu3Js
https://www.youtube.com/watch?v=0ozLeMMH-tk
https://www.youtube.com/watch?v=lIRosp1xD8A
https://www.youtube.com/watch?v=VuX2OGJ5m_o
https://www.youtube.com/watch?v=GUj8lTD2z94
https://www.youtube.com/watch?v=8QZmnW9CobA
https://www.youtube.com/watch?v=hVQ9CSz11Yk
https://www.youtube.com/watch?v=ovfipZfQaPc
https://www.youtube.com/watch?v=CtIa_aSDU70
https://www.youtube.com/watch?v=AkZlEhL3YN4
https://www.youtube.com/watch?v=2ViHj4empCs
https://www.youtube.com/watch?v=act2ynRwWAM
https://www.youtube.com/watch?v=ju8OkY4EE24
https://www.youtube.com/watch?v=ybrngCBdB0I
https://www.youtube.com/watch?v=8Zvz-rMzlpg
https://www.youtube.com/watch?v=8mpDp66rxqY
https://www.youtube.com/watch?v=IOrzTH7DQ0o
https://www.youtube.com/watch?v=oOX71AxJUIk
https://www.youtube.com/watch?v=75LWadzy1ik
https://www.youtube.com/watch?v=eQap6Czuy3Y
https://www.youtube.com/watch?v=M7tOxeXvnK0
https://www.youtube.com/watch?v=xEGNt-nWkXA
https://www.youtube.com/watch?v=xuQ48Mg0cvo
https://www.youtube.com/watch?v=7JlBY85C8cM
https://www.youtube.com/watch?v=Uwpq3VRZLp8
https://www.youtube.com/watch?v=l94aEH1uTec
https://www.youtube.com/watch?v=_L7bF-NcuoU
https://www.youtube.com/watch?v=M5hzQ4tiGJY
https://www.youtube.com/watch?v=F13P22ctbEQ
https://www.youtube.com/watch?v=tiyvHN1qR_Y
https://www.youtube.com/watch?v=A0p4TyowdCs
https://www.youtube.com/watch?v=W7nlSLz1N5A
https://www.youtube.com/watch?v=pKrFAronS10
https://www.youtube.com/watch?v=S2A4uQxt_Co
https://www.youtube.com/watch?v=Vf7CdJLlv0g
https://www.youtube.com/watch?v=srD3_WIQAqM
https://www.youtube.com/watch?v=gGENOWeclgk
https://www.youtube.com/watch?v=rbLWGrwnHeM
https://www.youtube.com/watch?v=_Py8AC72SRA
https://www.youtube.com/watch?v=-afe-25Qr4U
https://www.youtube.com/watch?v=V_VBGWlZPTs
https://www.youtube.com/watch?v=yon1qaFYR88
https://www.youtube.com/watch?v=M9RDaSVOdng
https://www.youtube.com/watch?v=QMiscWPSfFI
https://www.youtube.com/watch?v=lVRZQ9rluvY
https://www.youtube.com/watch?v=jlREPPfS5AY
https://www.youtube.com/watch?v=Ue8E_xjb6IQ
https://www.youtube.com/watch?v=uuN3dAs6J6s
https://www.youtube.com/watch?v=05V8DSfMURA
https://www.youtube.com/watch?v=TV7Tv9zUbok
https://www.youtube.com/watch?v=R7WV0TWurAY
https://www.youtube.com/watch?v=FTTxFwLG5YU
https://www.youtube.com/watch?v=D4r_jYO7Q20
https://www.youtube.com/watch?v=4UIQstnZ9lo
https://www.youtube.com/watch?v=a4RNlUXxenk
https://www.youtube.com/watch?v=BwDqVoLVOVg
https://www.youtube.com/watch?v=jaPrJzsvELI
https://www.youtube.com/watch?v=n-aupuzhSNg
https://www.youtube.com/watch?v=zoP8X2dIj9E
https://www.youtube.com/watch?v=-D8w_cU361E
https://www.youtube.com/watch?v=T6gwU4P_ihI
https://www.youtube.com/watch?v=kYiy6tNo4NE
https://www.youtube.com/watch?v=8aEPBGFtVT0
https://www.youtube.com/watch?v=Vz2ORnZgmn0
